Test mp-srlx-srel-lrlx-lrlx Allowed
States 2
1:a=0; 1:b=0;
1:a=1; 1:b=1;
No
Witnesses
Positive: 0 Negative: 2
Condition exists (1:a=1 /\ 1:b=0)
Observation mp-srlx-srel-lrlx-lrlx Never 0 2
Hash=ac777b6ae3c29a249163410bb75409eb

