Test oota-causality-13 Allowed
States 1
0:r1=0; 1:r2=0;
No
Witnesses
Positive: 0 Negative: 1
Condition exists (0:r1=1 /\ 1:r2=1)
Observation oota-causality-13 Never 0 1
Hash=82dfdeefc1038a6b032706834feeedd9

