Test oota-causality-1 Allowed
States 2
0:r1=0; 1:r2=0;
0:r1=0; 1:r2=1;
No
Witnesses
Positive: 0 Negative: 3
Condition exists (0:r1=1 /\ 1:r2=1)
Observation oota-causality-1 Never 0 3
Hash=6be662cf3bb39460321974142224a214

