Test oota-causality-9 Allowed
States 4
0:r1=0; 0:r2=1; 1:r3=0;
0:r1=0; 0:r2=1; 1:r3=1;
0:r1=2; 0:r2=3; 1:r3=0;
0:r1=2; 0:r2=3; 1:r3=3;
No
Witnesses
Positive: 0 Negative: 9
Condition exists (0:r1=1 /\ 0:r2=1)
Observation oota-causality-9 Never 0 9
Hash=15d5fd5b06059a43b192e68ac04d6115

