Test oota-dg-1 Allowed
States 4
1:r1=0; 1:r2=0; 2:r3=0; [x]=42; [y]=0; [z]=42;
1:r1=0; 1:r2=0; 2:r3=42; [x]=42; [y]=1; [z]=42;
1:r1=42; 1:r2=0; 2:r3=0; [x]=42; [y]=0; [z]=42;
1:r1=42; 1:r2=0; 2:r3=42; [x]=42; [y]=1; [z]=42;
No
Witnesses
Positive: 0 Negative: 4
Condition exists (1:r2=1 /\ [y]=1)
Observation oota-dg-1 Never 0 4
Hash=aa7f0f8325582006ea8d8d1d9bea6e51

