Test oota-causality-18 Allowed
States 3
0:r1=0; 0:r3=0; 1:r2=0;
0:r1=42; 0:r3=0; 1:r2=0;
0:r1=42; 0:r3=0; 1:r2=42;
No
Witnesses
Positive: 0 Negative: 5
Condition exists (0:r1=42 /\ 1:r2=42 /\ 0:r3=42)
Observation oota-causality-18 Never 0 5
Hash=84e6c90bdd080bb17f6fb08f893dfc56

