Test oota-3-2-proc-opt Allowed
States 1
0:r1=0; 1:r2=0; 1:r3=0; [x]=0; [y]=0; [z]=0;
No
Witnesses
Positive: 0 Negative: 3
Condition exists (0:r1=17 /\ 1:r2=17 /\ 1:r3=17)
Observation oota-3-2-proc-opt Never 0 3
Hash=216c3aae839fa4152ca602f6f41739a6

