Test LB+porlxrlx+rmwrlxrlx-porlxrlx Allowed
States 3
0:r0=0; 1:r0=0; [y]=1;
0:r0=0; 1:r0=1; [y]=2;
0:r0=1; 1:r0=0; [y]=1;
No
Witnesses
Positive: 0 Negative: 3
Condition exists ([y]=2 /\ 0:r0=1 /\ 1:r0=1)
Observation LB+porlxrlx+rmwrlxrlx-porlxrlx Never 0 3
Hash=478ba61f055e14380ab54ae40f9735e7

