Test MP+porlxrlx+rmwrlxrlx-porlxrlx Allowed
States 3
1:r0=0; 1:r1=0; [y]=1;
1:r0=0; 1:r1=1; [y]=1;
1:r0=1; 1:r1=1; [y]=2;
No
Witnesses
Positive: 0 Negative: 3
Condition exists ([y]=2 /\ 1:r0=1 /\ 1:r1=0)
Observation MP+porlxrlx+rmwrlxrlx-porlxrlx Never 0 3
Hash=926567c64bc6cd2c9a5c0ab3cda54d0e

