Test RR+WR+rmwrlxrlx-porlxrlx+porlxrlx Allowed
States 3
0:r0=0; 0:r1=0; 1:r0=1;
0:r0=0; 0:r1=1; 1:r0=0;
0:r0=0; 0:r1=1; 1:r0=1;
No
Witnesses
Positive: 0 Negative: 3
Condition exists (0:r0=0 /\ 0:r1=0 /\ 1:r0=0)
Observation RR+WR+rmwrlxrlx-porlxrlx+porlxrlx Never 0 3
Hash=54912e3b81a1713124ee05c0778e22b0

