Test RW+WR+fetch.addrlxrlx-porlxrlx+porlxrlx Allowed
States 3
0:r0=0; 1:r0=0; [y]=1;
0:r0=0; 1:r0=1; [y]=1;
0:r0=0; 1:r0=1; [y]=2;
No
Witnesses
Positive: 0 Negative: 3
Condition exists ([y]=2 /\ 0:r0=0 /\ 1:r0=0)
Observation RW+WR+fetch.addrlxrlx-porlxrlx+porlxrlx Never 0 3
Hash=680377353a537d48e0c206257fb46ddc

