Test S+porlxrlx+posWrlxrlx-porlxrlx Allowed
States 4
1:r0=0; [x]=1; [y]=1;
1:r0=0; [x]=1; [y]=2;
1:r0=0; [x]=2; [y]=1;
1:r0=1; [x]=1; [y]=2;
No
Witnesses
Positive: 0 Negative: 4
Condition exists ([x]=2 /\ [y]=2 /\ 1:r0=1)
Observation S+porlxrlx+posWrlxrlx-porlxrlx Never 0 4
Hash=aeba8df0705685bf4a5b3309ce3e8110

