Test S+porlxrlx+rmwrlxrlx-porlxrlx Allowed
States 3
1:r0=0; [x]=1; [y]=1;
1:r0=0; [x]=2; [y]=1;
1:r0=1; [x]=1; [y]=2;
No
Witnesses
Positive: 0 Negative: 3
Condition exists ([x]=2 /\ [y]=2 /\ 1:r0=1)
Observation S+porlxrlx+rmwrlxrlx-porlxrlx Never 0 3
Hash=c113916b80d46fa5e3f7ee7fc2bea61e

