Test c_p_reorder Allowed
States 1
[p]=0; [q]=0;
No
Witnesses
Positive: 0 Negative: 1
Condition exists ([p]=1 /\ [q]=1)
Observation c_p_reorder Never 0 1
Hash=df7dfb2cdeed57020eebfb05e4a145a1

