Test a7_reorder+Rrlx Required
States 1

Undef
Witnesses
Positive: 2 Negative: 0
Flag *undef*
Condition forall (true)
Observation a7_reorder+Rrlx Always 2 0
Hash=c6d42f1f5d2d47a29f2ea1afa65482fd

