Test a7_reorder+Crlx Required
States 1

Undef
Witnesses
Positive: 2 Negative: 0
Flag *undef*
Condition forall (true)
Observation a7_reorder+Crlx Always 2 0
Hash=921323aacb0ffb1428d8d78ec4754dc8

