Test a7_reorder+Crel Required
States 1

Undef
Witnesses
Positive: 2 Negative: 0
Flag *undef*
Condition forall (true)
Observation a7_reorder+Crel Always 2 0
Hash=1fcf9b93c78de4698484b2d11f0c7860

