Test a7_reorder+Csc Required
States 1

Undef
Witnesses
Positive: 2 Negative: 0
Flag *undef*
Condition forall (true)
Observation a7_reorder+Csc Always 2 0
Hash=2485f971acd4805334c166b91f47745d

