Test b+rlx+sc Allowed
States 3
0:r0=0; 1:r1=0;
0:r0=0; 1:r1=1;
0:r0=1; 1:r1=0;
No
Witnesses
Positive: 0 Negative: 3
Condition exists (0:r0=1 /\ 1:r1=1)
Observation b+rlx+sc Never 0 3
Hash=5e160d7ba5a2344841c558524d7b5a62

