Test b+sc+rel Allowed
States 3
0:r0=0; 1:r1=0;
0:r0=0; 1:r1=1;
0:r0=1; 1:r1=0;
No
Witnesses
Positive: 0 Negative: 3
Condition exists (0:r0=1 /\ 1:r1=1)
Observation b+sc+rel Never 0 3
Hash=deeededc455305be5027f482bf2b926d

