Test amp-lna-srel-lrx-sna-racy Allowed
States 1
0:b=0;
Undef
Witnesses
Positive: 0 Negative: 2
Flag *undef*
Condition exists (0:b=1)
Observation amp-lna-srel-lrx-sna-racy Never 0 2
Hash=ec56b68c9ede3508c6343abeb128e4d8

