Test amp-lna-srel-srlx-lacq-sna-cpp17-racy Allowed
States 1
0:b=0;
Undef
Witnesses
Positive: 0 Negative: 3
Flag *undef*
Condition exists (0:b=1)
Observation amp-lna-srel-srlx-lacq-sna-cpp17-racy Never 0 3
Hash=cc9159c29b578f5e0c7bbbdc91690e0b

