Test iriw-acq-sc Allowed
States 15
1:a=0; 1:c=0; 2:b=0; 2:d=0;
1:a=0; 1:c=0; 2:b=0; 2:d=1;
1:a=0; 1:c=0; 2:b=1; 2:d=0;
1:a=0; 1:c=0; 2:b=1; 2:d=1;
1:a=0; 1:c=1; 2:b=0; 2:d=0;
1:a=0; 1:c=1; 2:b=0; 2:d=1;
1:a=0; 1:c=1; 2:b=1; 2:d=0;
1:a=0; 1:c=1; 2:b=1; 2:d=1;
1:a=1; 1:c=0; 2:b=0; 2:d=0;
1:a=1; 1:c=0; 2:b=0; 2:d=1;
1:a=1; 1:c=0; 2:b=1; 2:d=1;
1:a=1; 1:c=1; 2:b=0; 2:d=0;
1:a=1; 1:c=1; 2:b=0; 2:d=1;
1:a=1; 1:c=1; 2:b=1; 2:d=0;
1:a=1; 1:c=1; 2:b=1; 2:d=1;
No
Witnesses
Positive: 0 Negative: 15
Condition exists (1:a=1 /\ 2:b=1 /\ 1:c=0 /\ 2:d=0)
Observation iriw-acq-sc Never 0 15
Hash=092ac43db26f7a4f2fa03fd9a05d5951

