Test lb Allowed
States 1
0:a=0; 1:b=0;
No
Witnesses
Positive: 0 Negative: 3
Condition exists (0:a=1 /\ 1:b=1)
Observation lb Never 0 3
Hash=58ab70769ac4fadc8a0ff150c59dd73f

