Test b+acq+rel Allowed
States 3
0:r0=0; 1:r1=0;
0:r0=0; 1:r1=1;
0:r0=1; 1:r1=0;
No
Witnesses
Positive: 0 Negative: 3
Condition exists (0:r0=1 /\ 1:r1=1)
Observation b+acq+rel Never 0 3
Hash=d32b0c18215d1499505de60d22175f85

