Test b+acq+rlx Allowed
States 3
0:r0=0; 1:r1=0;
0:r0=0; 1:r1=1;
0:r0=1; 1:r1=0;
No
Witnesses
Positive: 0 Negative: 3
Condition exists (0:r0=1 /\ 1:r1=1)
Observation b+acq+rlx Never 0 3
Hash=501e3d2605244cd83d0aa9f6bf96316a

