Test b+sc+rlx Allowed
States 3
0:r0=0; 1:r1=0;
0:r0=0; 1:r1=1;
0:r0=1; 1:r1=0;
No
Witnesses
Positive: 0 Negative: 3
Condition exists (0:r0=1 /\ 1:r1=1)
Observation b+sc+rlx Never 0 3
Hash=78e5eb6ebd8b64c57f093171945feee3

