Test c_pq_reorder Allowed
States 1
[p]=0; [q]=0;
No
Witnesses
Positive: 0 Negative: 1
Condition exists ([p]=1 /\ [q]=1)
Observation c_pq_reorder Never 0 1
Hash=d0f07c015de6db4134ce70ce6f364de4

