Test c_q_reorder Allowed
States 1
[p]=0; [q]=0;
No
Witnesses
Positive: 0 Negative: 1
Condition exists ([p]=1 /\ [q]=1)
Observation c_q_reorder Never 0 1
Hash=d74902625f6c053b5b95587219064d35

