Test c_reorder Allowed
States 1
[p]=0; [q]=0;
No
Witnesses
Positive: 0 Negative: 1
Condition exists ([p]=1 /\ [q]=1)
Observation c_reorder Never 0 1
Hash=579ba0a1750a2b7378606b3edbbd02bd

