Test cyc Allowed
States 1
0:r0=0; 1:r1=0;
No
Witnesses
Positive: 0 Negative: 1
Condition exists (0:r0=1 /\ 1:r1=1)
Observation cyc Never 0 1
Hash=a0aa854c4a328749c4f1f9c47ec8468a

