Test imm-E3.3 Allowed
States 3
0:r0=0; 1:r0=0;
0:r0=0; 1:r0=1;
0:r0=1; 1:r0=0;
No
Witnesses
Positive: 0 Negative: 3
Condition exists (0:r0=1 /\ 1:r0=1)
Observation imm-E3.3 Never 0 3
Hash=05c3f6b36947a5e3eeb4ed8e6727865a

