Test imm-E3.6 Allowed
States 2
0:r0=0; 0:r1=1; 1:r0=0;
0:r0=0; 0:r1=1; 1:r0=1;
No
Witnesses
Positive: 0 Negative: 3
Condition exists (0:r0=1 /\ 0:r1=1 /\ 1:r0=1)
Observation imm-E3.6 Never 0 3
Hash=43732aa4d6e333a5eb80cd4896c768d6

